# fixture-expectation-for: synthetic bun-exclude-brace
# fixture-note: !packages/{legacy,old} excludes both alternatives; packages/a folds, legacy and old keep their lanes.
# fixture-v2-valid: the root holds the manifests, so the collapsed-to-/ shape is backed here and step 3 does not apply
# ---8<--- ecosystem<TAB>directory, one rendered lane per line
bun	/
bun	/packages/legacy
bun	/packages/old
