# fixture-expectation-for: Sassy-Dog/velovate
# fixture-expectation-source: the repo's committed .github/dependabot.yml (hand-written, no
#   generated-by marker; also committed verbatim as
#   scripts/fixtures/legacy-markers/velovate-dependabot.fixture).
# fixture-note: the DIRECTORIES below reproduce every directory that file declares — 12 nuget
#   project folders, 4 pubspecs (including one nested under another), 3 Dockerfile folders,
#   /apps/mobile/android, / for actions, and ONE bun lane at / (the JS workspace members collapse — difference 1). Three deliberate
#   differences remain, and none of them is a location bug:
#     1. ECOSYSTEM NAME AND COLLAPSE. The JS lanes render as `bun`, not `npm`: the repo has a root
#        bun.lock, and setup-deps has classified that as the native bun ecosystem since it GA'd
#        (2025-02). Because that one root lockfile covers every workspace member, the four member
#        lanes the hand-written file lists collapse into the root `/` lane (issue #467): a
#        member-only PR never rewrites bun.lock, fails `bun install --frozen-lockfile` and cannot
#        merge, and those hand-written lanes were npm, which does not regenerate bun.lock either.
#     2. NO EXTRA JS LANE. /media/hyperframes/velovate-team-promo holds a real tracked
#        package.json that the hand-written file omits. It is not vendored, so it is a candidate,
#        but it sits under the root workspace lockfile with none of its own and so collapses into
#        the root lane like the members do (ancestry decides, not the `workspaces` globs).
#     3. LANE GROUPING IS NOT DERIVABLE. The committed file folds those 12 nuget folders into TWO
#        entries via the plural `directories:` key (an api lane and a cli lane) and the 3 docker
#        folders into one, each with its own commit-message prefix, schedule and ignore rules —
#        editorial choices about how PRs should arrive, which no probe can infer. The render emits
#        one entry per (ecosystem, directory) pair instead. Same coverage, more entries; each entry
#        still carries its own groups, so this does not reopen the ungrouped-PR-flood problem.
#   velovate is hand-written and unmarked, so setup-deps reports and skips it either way — this
#   fixture exists to show the generator could now serve that layout, not to propose replacing it.
# ---8<--- ecosystem<TAB>directory, one rendered lane per line
bun	/
docker	/apps/api/Velovate.Api
docker	/apps/api/Velovate.Jobs
docker	/apps/api/Velovate.Workers
github-actions	/
gradle	/apps/mobile/android
nuget	/apps/api/Velovate.Api
nuget	/apps/api/Velovate.Api.IntegrationTests
nuget	/apps/api/Velovate.Api.Tests
nuget	/apps/api/Velovate.Application
nuget	/apps/api/Velovate.Contracts
nuget	/apps/api/Velovate.Domain
nuget	/apps/api/Velovate.Integrations
nuget	/apps/api/Velovate.Jobs
nuget	/apps/api/Velovate.Sync
nuget	/apps/api/Velovate.Workers
nuget	/apps/cli/Velovate.Cli
nuget	/apps/cli/Velovate.Cli.Tests
pub	/apps/mobile
pub	/apps/mobile/tools/velovate_lints
pub	/libs/brand_flutter
pub	/libs/maps
